// Jest Snapshot v1, https://goo.gl/fbAQLP

exports[`EmojiPickerCategory should match snapshot 1`] = `
<DocumentFragment>
  <button
    aria-controls="emojipickercat-recent"
    aria-label="category name"
    aria-selected="false"
    class="style--none emoji-picker__category"
    id="emojiPickerCategoryTab-recent"
    role="tab"
  >
    <i
      class="categoryClass"
    />
  </button>
</DocumentFragment>
`;
