// Jest Snapshot v1, https://goo.gl/fbAQLP

exports[`components/emoji_picker/EmojiPicker should match snapshot 1`] = `
<DocumentFragment>
  <div
    class="emoji-picker__inner"
    role="application"
  >
    <div
      aria-live="assertive"
      class="sr-only"
    >
      grinning emoji
    </div>
    <div
      class="emoji-picker__search-container"
    >
      <div
        class="emoji-picker__text-container"
      >
        <span
          class="icon-magnify icon emoji-picker__search-icon"
        />
        <input
          aria-label="Search for an emoji"
          autocomplete="off"
          class="emoji-picker__search"
          data-testid="emojiInputSearch"
          id="emojiPickerSearch"
          placeholder="Search Emoji"
          type="text"
          value=""
        />
      </div>
      <div />
    </div>
    <div
      class="emoji-picker__categories"
      id="emojiPickerCategories"
      role="tablist"
    >
      <button
        aria-controls="emojipickercat-smileys-emotion"
        aria-label="Smileys & Emotion"
        aria-selected="true"
        class="style--none emoji-picker__category emoji-picker__category--selected"
        id="emojiPickerCategoryTab-smileys-emotion"
        role="tab"
      >
        <i
          class="icon-emoticon-happy-outline"
        />
      </button>
      <button
        aria-controls="emojipickercat-people-body"
        aria-label="People & Body"
        aria-selected="false"
        class="style--none emoji-picker__category"
        id="emojiPickerCategoryTab-people-body"
        role="tab"
      >
        <i
          class="icon-account-outline"
        />
      </button>
      <button
        aria-controls="emojipickercat-animals-nature"
        aria-label="Animals & Nature"
        aria-selected="false"
        class="style--none emoji-picker__category"
        id="emojiPickerCategoryTab-animals-nature"
        role="tab"
      >
        <i
          class="icon-leaf-outline"
        />
      </button>
      <button
        aria-controls="emojipickercat-food-drink"
        aria-label="Food & Drink"
        aria-selected="false"
        class="style--none emoji-picker__category"
        id="emojiPickerCategoryTab-food-drink"
        role="tab"
      >
        <i
          class="icon-food-apple"
        />
      </button>
      <button
        aria-controls="emojipickercat-travel-places"
        aria-label="Travel & Places"
        aria-selected="false"
        class="style--none emoji-picker__category"
        id="emojiPickerCategoryTab-travel-places"
        role="tab"
      >
        <i
          class="icon-airplane-variant"
        />
      </button>
      <button
        aria-controls="emojipickercat-activities"
        aria-label="Activities"
        aria-selected="false"
        class="style--none emoji-picker__category"
        id="emojiPickerCategoryTab-activities"
        role="tab"
      >
        <i
          class="icon-basketball"
        />
      </button>
      <button
        aria-controls="emojipickercat-objects"
        aria-label="Objects"
        aria-selected="false"
        class="style--none emoji-picker__category"
        id="emojiPickerCategoryTab-objects"
        role="tab"
      >
        <i
          class="icon-lightbulb-outline"
        />
      </button>
      <button
        aria-controls="emojipickercat-symbols"
        aria-label="Symbols"
        aria-selected="false"
        class="style--none emoji-picker__category"
        id="emojiPickerCategoryTab-symbols"
        role="tab"
      >
        <i
          class="icon-heart-outline"
        />
      </button>
      <button
        aria-controls="emojipickercat-flags"
        aria-label="Flags"
        aria-selected="false"
        class="style--none emoji-picker__category"
        id="emojiPickerCategoryTab-flags"
        role="tab"
      >
        <i
          class="icon-flag-outline"
        />
      </button>
      <button
        aria-controls="emojipickercat-custom"
        aria-label="Custom"
        aria-selected="false"
        class="style--none emoji-picker__category"
        id="emojiPickerCategoryTab-custom"
        role="tab"
      >
        <i
          class="icon-emoticon-custom-outline"
        />
      </button>
    </div>
    <div
      class="emoji-picker__items"
      style="height: 290px;"
    >
      <div
        class="emoji-picker__container"
      >
        <div
          style="overflow: visible; height: 0px; width: 0px;"
        />
        <div
          class="resize-triggers"
        >
          <div
            class="expand-trigger"
          >
            <div
              style="width: 1px; height: 1px;"
            />
          </div>
          <div
            class="contract-trigger"
          />
        </div>
      </div>
    </div>
    <div
      class="emoji-picker__footer"
    >
      <div
        class="emoji-picker__preview"
      >
        Preview for grinning emoji
      </div>
    </div>
  </div>
</DocumentFragment>
`;
